
> psychoway_react@0.1.0 start
> react-scripts start

node:internal/modules/cjs/loader:1423
  throw err;
  ^

Error: Cannot find module './extension/vue/TypeScriptVueExtensionConfiguration'
Require stack:
- C:\Users\Usuario\OneDrive\Documentos\psychoway-react\psychoway-react\psychoway-react\psychoway-react\psychoway-react\psychoway-react\psychoway_react\node_modules\fork-ts-checker-webpack-plugin\lib\typescript-reporter\TypeScriptReporterConfiguration.js
- C:\Users\Usuario\OneDrive\Documentos\psychoway-react\psychoway-react\psychoway-react\psychoway-react\psychoway-react\psychoway-react\psychoway_react\node_modules\fork-ts-checker-webpack-plugin\lib\ForkTsCheckerWebpackPluginConfiguration.js
- C:\Users\Usuario\OneDrive\Documentos\psychoway-react\psychoway-react\psychoway-react\psychoway-react\psychoway-react\psychoway-react\psychoway_react\node_modules\fork-ts-checker-webpack-plugin\lib\ForkTsCheckerWebpackPlugin.js
- C:\Users\Usuario\OneDrive\Documentos\psychoway-react\psychoway-react\psychoway-react\psychoway-react\psychoway-react\psychoway-react\psychoway_react\node_modules\fork-ts-checker-webpack-plugin\lib\index.js
- C:\Users\Usuario\OneDrive\Documentos\psychoway-react\psychoway-react\psychoway-react\psychoway-react\psychoway-react\psychoway-react\psychoway_react\node_modules\react-dev-utils\ForkTsCheckerWebpackPlugin.js
- C:\Users\Usuario\OneDrive\Documentos\psychoway-react\psychoway-react\psychoway-react\psychoway-react\psychoway-react\psychoway-react\psychoway_react\node_modules\react-dev-utils\WebpackDevServerUtils.js
- C:\Users\Usuario\OneDrive\Documentos\psychoway-react\psychoway-react\psychoway-react\psychoway-react\psychoway-react\psychoway-react\psychoway_react\node_modules\react-scripts\scripts\start.js
    at Module._resolveFilename (node:internal/modules/cjs/loader:1420:15)
    at defaultResolveImpl (node:internal/modules/cjs/loader:1058:19)
    at resolveForCJSWithHooks (node:internal/modules/cjs/loader:1063:22)
    at Module._load (node:internal/modules/cjs/loader:1226:37)
    at TracingChannel.traceSync (node:diagnostics_channel:328:14)
    at wrapModuleLoad (node:internal/modules/cjs/loader:244:24)
    at Module.require (node:internal/modules/cjs/loader:1503:12)
    at require (node:internal/modules/helpers:152:16)
    at Object.<anonymous> (C:\Users\Usuario\OneDrive\Documentos\psychoway-react\psychoway-react\psychoway-react\psychoway-react\psychoway-react\psychoway-react\psychoway_react\node_modules\fork-ts-checker-webpack-plugin\lib\typescript-reporter\TypeScriptReporterConfiguration.js:8:47)
    at Module._compile (node:internal/modules/cjs/loader:1760:14) {
  code: 'MODULE_NOT_FOUND',
  requireStack: [
    'C:\\Users\\Usuario\\OneDrive\\Documentos\\psychoway-react\\psychoway-react\\psychoway-react\\psychoway-react\\psychoway-react\\psychoway-react\\psychoway_react\\node_modules\\fork-ts-checker-webpack-plugin\\lib\\typescript-reporter\\TypeScriptReporterConfiguration.js',
    'C:\\Users\\Usuario\\OneDrive\\Documentos\\psychoway-react\\psychoway-react\\psychoway-react\\psychoway-react\\psychoway-react\\psychoway-react\\psychoway_react\\node_modules\\fork-ts-checker-webpack-plugin\\lib\\ForkTsCheckerWebpackPluginConfiguration.js',
    'C:\\Users\\Usuario\\OneDrive\\Documentos\\psychoway-react\\psychoway-react\\psychoway-react\\psychoway-react\\psychoway-react\\psychoway-react\\psychoway_react\\node_modules\\fork-ts-checker-webpack-plugin\\lib\\ForkTsCheckerWebpackPlugin.js',
    'C:\\Users\\Usuario\\OneDrive\\Documentos\\psychoway-react\\psychoway-react\\psychoway-react\\psychoway-react\\psychoway-react\\psychoway-react\\psychoway_react\\node_modules\\fork-ts-checker-webpack-plugin\\lib\\index.js',
    'C:\\Users\\Usuario\\OneDrive\\Documentos\\psychoway-react\\psychoway-react\\psychoway-react\\psychoway-react\\psychoway-react\\psychoway-react\\psychoway_react\\node_modules\\react-dev-utils\\ForkTsCheckerWebpackPlugin.js',
    'C:\\Users\\Usuario\\OneDrive\\Documentos\\psychoway-react\\psychoway-react\\psychoway-react\\psychoway-react\\psychoway-react\\psychoway-react\\psychoway_react\\node_modules\\react-dev-utils\\WebpackDevServerUtils.js',
    'C:\\Users\\Usuario\\OneDrive\\Documentos\\psychoway-react\\psychoway-react\\psychoway-react\\psychoway-react\\psychoway-react\\psychoway-react\\psychoway_react\\node_modules\\react-scripts\\scripts\\start.js'
  ]
}

Node.js v24.11.0
